{
  "version": "1.5.0",
  "plugins_used": [
    {
      "name": "ArtifactoryDetector"
    },
    {
      "name": "AWSKeyDetector"
    },
    {
      "name": "AzureStorageKeyDetector"
    },
    {
      "name": "Base64HighEntropyString",
      "limit": 4.5
    },
    {
      "name": "BasicAuthDetector"
    },
    {
      "name": "CloudantDetector"
    },
    {
      "name": "DiscordBotTokenDetector"
    },
    {
      "name": "GitHubTokenDetector"
    },
    {
      "name": "GitLabTokenDetector"
    },
    {
      "name": "HexHighEntropyString",
      "limit": 3.0
    },
    {
      "name": "IbmCloudIamDetector"
    },
    {
      "name": "IbmCosHmacDetector"
    },
    {
      "name": "IPPublicDetector"
    },
    {
      "name": "JwtTokenDetector"
    },
    {
      "name": "KeywordDetector",
      "keyword_exclude": ""
    },
    {
      "name": "MailchimpDetector"
    },
    {
      "name": "NpmDetector"
    },
    {
      "name": "OpenAIDetector"
    },
    {
      "name": "PrivateKeyDetector"
    },
    {
      "name": "PypiTokenDetector"
    },
    {
      "name": "SendGridDetector"
    },
    {
      "name": "SlackDetector"
    },
    {
      "name": "SoftlayerDetector"
    },
    {
      "name": "SquareOAuthDetector"
    },
    {
      "name": "StripeDetector"
    },
    {
      "name": "TelegramBotTokenDetector"
    },
    {
      "name": "TwilioKeyDetector"
    }
  ],
  "filters_used": [
    {
      "path": "detect_secrets.filters.allowlist.is_line_allowlisted"
    },
    {
      "path": "detect_secrets.filters.common.is_ignored_due_to_verification_policies",
      "min_level": 2
    },
    {
      "path": "detect_secrets.filters.heuristic.is_indirect_reference"
    },
    {
      "path": "detect_secrets.filters.heuristic.is_likely_id_string"
    },
    {
      "path": "detect_secrets.filters.heuristic.is_lock_file"
    },
    {
      "path": "detect_secrets.filters.heuristic.is_not_alphanumeric_string"
    },
    {
      "path": "detect_secrets.filters.heuristic.is_potential_uuid"
    },
    {
      "path": "detect_secrets.filters.heuristic.is_prefixed_with_dollar_sign"
    },
    {
      "path": "detect_secrets.filters.heuristic.is_sequential_string"
    },
    {
      "path": "detect_secrets.filters.heuristic.is_swagger_file"
    },
    {
      "path": "detect_secrets.filters.heuristic.is_templated_secret"
    },
    {
      "path": "detect_secrets.filters.regex.should_exclude_file",
      "pattern": [
        "^ai_vectorizer/\\.secrets\\.baseline$"
      ]
    }
  ],
  "results": {
    "ai_vectorizer/core/edge_detector.py": [
      {
        "type": "Hex High Entropy String",
        "filename": "ai_vectorizer/core/edge_detector.py",
        "hashed_secret": "7c168c0c13a415a98d16e6cfa8a8533ad9737396",
        "is_verified": false,
        "line_number": 146
      },
      {
        "type": "Hex High Entropy String",
        "filename": "ai_vectorizer/core/edge_detector.py",
        "hashed_secret": "effcd5fccbdaff56b7905121b9ec9af8e9ffb915",
        "is_verified": false,
        "line_number": 148
      }
    ],
    "ai_vectorizer/core/efficientsam_spec.py": [
      {
        "type": "Hex High Entropy String",
        "filename": "ai_vectorizer/core/efficientsam_spec.py",
        "hashed_secret": "3c193eab6355dd8912d98f67956281cff3c74e35",
        "is_verified": false,
        "line_number": 155
      },
      {
        "type": "Hex High Entropy String",
        "filename": "ai_vectorizer/core/efficientsam_spec.py",
        "hashed_secret": "7e8e6aade476078c62cab949ae99182ca2a39c83",
        "is_verified": false,
        "line_number": 165
      },
      {
        "type": "Hex High Entropy String",
        "filename": "ai_vectorizer/core/efficientsam_spec.py",
        "hashed_secret": "8d499c86a6cc6649cb2a2f75732ecff5c356339d",
        "is_verified": false,
        "line_number": 173
      }
    ],
    "ai_vectorizer/core/sam_engine.py": [
      {
        "type": "Hex High Entropy String",
        "filename": "ai_vectorizer/core/sam_engine.py",
        "hashed_secret": "aefda55b52eaf3cbcea931d807ea151e5012593f",
        "is_verified": false,
        "line_number": 61
      },
      {
        "type": "Hex High Entropy String",
        "filename": "ai_vectorizer/core/sam_engine.py",
        "hashed_secret": "f92eefb0c192ac4cc85820bc9cd0fd5a71dad288",
        "is_verified": false,
        "line_number": 75
      },
      {
        "type": "Hex High Entropy String",
        "filename": "ai_vectorizer/core/sam_engine.py",
        "hashed_secret": "45c80349162ff18924414d55f7f39682bc761450",
        "is_verified": false,
        "line_number": 82
      },
      {
        "type": "Hex High Entropy String",
        "filename": "ai_vectorizer/core/sam_engine.py",
        "hashed_secret": "404f5a6c6a4983f41c14a39f1ac258a4ad9e2da9",
        "is_verified": false,
        "line_number": 89
      }
    ]
  },
  "generated_at": "2026-08-30T10:15:43Z"
}
