{
  "version": "1.5.0",
  "plugins_used": [
    {
      "name": "ArtifactoryDetector"
    },
    {
      "name": "AWSKeyDetector"
    },
    {
      "name": "AzureStorageKeyDetector"
    },
    {
      "name": "Base64HighEntropyString",
      "limit": 4.5
    },
    {
      "name": "BasicAuthDetector"
    },
    {
      "name": "CloudantDetector"
    },
    {
      "name": "DiscordBotTokenDetector"
    },
    {
      "name": "GitHubTokenDetector"
    },
    {
      "name": "GitLabTokenDetector"
    },
    {
      "name": "HexHighEntropyString",
      "limit": 3.0
    },
    {
      "name": "IbmCloudIamDetector"
    },
    {
      "name": "IbmCosHmacDetector"
    },
    {
      "name": "IPPublicDetector"
    },
    {
      "name": "JwtTokenDetector"
    },
    {
      "name": "KeywordDetector",
      "keyword_exclude": ""
    },
    {
      "name": "MailchimpDetector"
    },
    {
      "name": "NpmDetector"
    },
    {
      "name": "OpenAIDetector"
    },
    {
      "name": "PrivateKeyDetector"
    },
    {
      "name": "PypiTokenDetector"
    },
    {
      "name": "SendGridDetector"
    },
    {
      "name": "SlackDetector"
    },
    {
      "name": "SoftlayerDetector"
    },
    {
      "name": "SquareOAuthDetector"
    },
    {
      "name": "StripeDetector"
    },
    {
      "name": "TelegramBotTokenDetector"
    },
    {
      "name": "TwilioKeyDetector"
    }
  ],
  "filters_used": [
    {
      "path": "detect_secrets.filters.allowlist.is_line_allowlisted"
    },
    {
      "path": "detect_secrets.filters.common.is_baseline_file",
      "filename": "ai_vectorizer/.secrets.baseline"
    },
    {
      "path": "detect_secrets.filters.common.is_ignored_due_to_verification_policies",
      "min_level": 2
    },
    {
      "path": "detect_secrets.filters.heuristic.is_indirect_reference"
    },
    {
      "path": "detect_secrets.filters.heuristic.is_likely_id_string"
    },
    {
      "path": "detect_secrets.filters.heuristic.is_lock_file"
    },
    {
      "path": "detect_secrets.filters.heuristic.is_not_alphanumeric_string"
    },
    {
      "path": "detect_secrets.filters.heuristic.is_potential_uuid"
    },
    {
      "path": "detect_secrets.filters.heuristic.is_prefixed_with_dollar_sign"
    },
    {
      "path": "detect_secrets.filters.heuristic.is_sequential_string"
    },
    {
      "path": "detect_secrets.filters.heuristic.is_swagger_file"
    },
    {
      "path": "detect_secrets.filters.heuristic.is_templated_secret"
    }
  ],
  "results": {
    "ai_vectorizer 0.1.5\\core\\edge_detector.py": [
      {
        "type": "Hex High Entropy String",
        "filename": "ai_vectorizer 0.1.5\\core\\edge_detector.py",
        "hashed_secret": "7c168c0c13a415a98d16e6cfa8a8533ad9737396",
        "is_verified": false,
        "line_number": 118
      },
      {
        "type": "Hex High Entropy String",
        "filename": "ai_vectorizer 0.1.5\\core\\edge_detector.py",
        "hashed_secret": "effcd5fccbdaff56b7905121b9ec9af8e9ffb915",
        "is_verified": false,
        "line_number": 120
      }
    ],
    "ai_vectorizer 0.1.5\\core\\efficientsam_spec.py": [
      {
        "type": "Hex High Entropy String",
        "filename": "ai_vectorizer 0.1.5\\core\\efficientsam_spec.py",
        "hashed_secret": "3c193eab6355dd8912d98f67956281cff3c74e35",
        "is_verified": false,
        "line_number": 155
      },
      {
        "type": "Hex High Entropy String",
        "filename": "ai_vectorizer 0.1.5\\core\\efficientsam_spec.py",
        "hashed_secret": "7e8e6aade476078c62cab949ae99182ca2a39c83",
        "is_verified": false,
        "line_number": 165
      },
      {
        "type": "Hex High Entropy String",
        "filename": "ai_vectorizer 0.1.5\\core\\efficientsam_spec.py",
        "hashed_secret": "8d499c86a6cc6649cb2a2f75732ecff5c356339d",
        "is_verified": false,
        "line_number": 173
      }
    ],
    "ai_vectorizer 0.1.5\\core\\sam_engine.py": [
      {
        "type": "Hex High Entropy String",
        "filename": "ai_vectorizer 0.1.5\\core\\sam_engine.py",
        "hashed_secret": "aefda55b52eaf3cbcea931d807ea151e5012593f",
        "is_verified": false,
        "line_number": 61
      },
      {
        "type": "Hex High Entropy String",
        "filename": "ai_vectorizer 0.1.5\\core\\sam_engine.py",
        "hashed_secret": "f92eefb0c192ac4cc85820bc9cd0fd5a71dad288",
        "is_verified": false,
        "line_number": 75
      },
      {
        "type": "Hex High Entropy String",
        "filename": "ai_vectorizer 0.1.5\\core\\sam_engine.py",
        "hashed_secret": "45c80349162ff18924414d55f7f39682bc761450",
        "is_verified": false,
        "line_number": 82
      },
      {
        "type": "Hex High Entropy String",
        "filename": "ai_vectorizer 0.1.5\\core\\sam_engine.py",
        "hashed_secret": "404f5a6c6a4983f41c14a39f1ac258a4ad9e2da9",
        "is_verified": false,
        "line_number": 89
      }
    ],
    "ai_vectorizer\\.secrets.baseline": [
      {
        "type": "Hex High Entropy String",
        "filename": "ai_vectorizer\\.secrets.baseline",
        "hashed_secret": "87ac3521b77dbaee59c7cae8b9c68ea85fa92127",
        "is_verified": false,
        "line_number": 130
      },
      {
        "type": "Secret Keyword",
        "filename": "ai_vectorizer\\.secrets.baseline",
        "hashed_secret": "87ac3521b77dbaee59c7cae8b9c68ea85fa92127",
        "is_verified": false,
        "line_number": 130
      },
      {
        "type": "Hex High Entropy String",
        "filename": "ai_vectorizer\\.secrets.baseline",
        "hashed_secret": "6843aeb03ffb9091b8caa7fd18ba068d613fa375",
        "is_verified": false,
        "line_number": 137
      },
      {
        "type": "Secret Keyword",
        "filename": "ai_vectorizer\\.secrets.baseline",
        "hashed_secret": "6843aeb03ffb9091b8caa7fd18ba068d613fa375",
        "is_verified": false,
        "line_number": 137
      },
      {
        "type": "Hex High Entropy String",
        "filename": "ai_vectorizer\\.secrets.baseline",
        "hashed_secret": "c9833b4170175257cb8a24982b6ff1aed0624b66",
        "is_verified": false,
        "line_number": 146
      },
      {
        "type": "Secret Keyword",
        "filename": "ai_vectorizer\\.secrets.baseline",
        "hashed_secret": "c9833b4170175257cb8a24982b6ff1aed0624b66",
        "is_verified": false,
        "line_number": 146
      },
      {
        "type": "Hex High Entropy String",
        "filename": "ai_vectorizer\\.secrets.baseline",
        "hashed_secret": "fc218dca4ff1b7de043e8604c79d3e236b68956c",
        "is_verified": false,
        "line_number": 153
      },
      {
        "type": "Secret Keyword",
        "filename": "ai_vectorizer\\.secrets.baseline",
        "hashed_secret": "fc218dca4ff1b7de043e8604c79d3e236b68956c",
        "is_verified": false,
        "line_number": 153
      },
      {
        "type": "Hex High Entropy String",
        "filename": "ai_vectorizer\\.secrets.baseline",
        "hashed_secret": "09523c5f2944c1751fa46004c45b05c28b4ec66d",
        "is_verified": false,
        "line_number": 160
      },
      {
        "type": "Secret Keyword",
        "filename": "ai_vectorizer\\.secrets.baseline",
        "hashed_secret": "09523c5f2944c1751fa46004c45b05c28b4ec66d",
        "is_verified": false,
        "line_number": 160
      },
      {
        "type": "Hex High Entropy String",
        "filename": "ai_vectorizer\\.secrets.baseline",
        "hashed_secret": "e7c3c26c056244511aa2fd60ee5a39154e9a19ad",
        "is_verified": false,
        "line_number": 169
      },
      {
        "type": "Secret Keyword",
        "filename": "ai_vectorizer\\.secrets.baseline",
        "hashed_secret": "e7c3c26c056244511aa2fd60ee5a39154e9a19ad",
        "is_verified": false,
        "line_number": 169
      },
      {
        "type": "Hex High Entropy String",
        "filename": "ai_vectorizer\\.secrets.baseline",
        "hashed_secret": "8b936eb41d1a8caaeeb923ffa1ee62d85658b92c",
        "is_verified": false,
        "line_number": 176
      },
      {
        "type": "Secret Keyword",
        "filename": "ai_vectorizer\\.secrets.baseline",
        "hashed_secret": "8b936eb41d1a8caaeeb923ffa1ee62d85658b92c",
        "is_verified": false,
        "line_number": 176
      },
      {
        "type": "Hex High Entropy String",
        "filename": "ai_vectorizer\\.secrets.baseline",
        "hashed_secret": "9b632d04f23c918c8a42b4cee94423c01803a2a0",
        "is_verified": false,
        "line_number": 183
      },
      {
        "type": "Secret Keyword",
        "filename": "ai_vectorizer\\.secrets.baseline",
        "hashed_secret": "9b632d04f23c918c8a42b4cee94423c01803a2a0",
        "is_verified": false,
        "line_number": 183
      },
      {
        "type": "Hex High Entropy String",
        "filename": "ai_vectorizer\\.secrets.baseline",
        "hashed_secret": "f5a5d78bd5591dbf8ada334f55f23195a75c97fe",
        "is_verified": false,
        "line_number": 190
      },
      {
        "type": "Secret Keyword",
        "filename": "ai_vectorizer\\.secrets.baseline",
        "hashed_secret": "f5a5d78bd5591dbf8ada334f55f23195a75c97fe",
        "is_verified": false,
        "line_number": 190
      }
    ],
    "ai_vectorizer\\core\\edge_detector.py": [
      {
        "type": "Hex High Entropy String",
        "filename": "ai_vectorizer\\core\\edge_detector.py",
        "hashed_secret": "7c168c0c13a415a98d16e6cfa8a8533ad9737396",
        "is_verified": false,
        "line_number": 119
      },
      {
        "type": "Hex High Entropy String",
        "filename": "ai_vectorizer\\core\\edge_detector.py",
        "hashed_secret": "effcd5fccbdaff56b7905121b9ec9af8e9ffb915",
        "is_verified": false,
        "line_number": 121
      }
    ],
    "ai_vectorizer\\core\\efficientsam_spec.py": [
      {
        "type": "Hex High Entropy String",
        "filename": "ai_vectorizer\\core\\efficientsam_spec.py",
        "hashed_secret": "3c193eab6355dd8912d98f67956281cff3c74e35",
        "is_verified": false,
        "line_number": 155
      },
      {
        "type": "Hex High Entropy String",
        "filename": "ai_vectorizer\\core\\efficientsam_spec.py",
        "hashed_secret": "7e8e6aade476078c62cab949ae99182ca2a39c83",
        "is_verified": false,
        "line_number": 165
      },
      {
        "type": "Hex High Entropy String",
        "filename": "ai_vectorizer\\core\\efficientsam_spec.py",
        "hashed_secret": "8d499c86a6cc6649cb2a2f75732ecff5c356339d",
        "is_verified": false,
        "line_number": 173
      }
    ],
    "ai_vectorizer\\core\\sam_engine.py": [
      {
        "type": "Hex High Entropy String",
        "filename": "ai_vectorizer\\core\\sam_engine.py",
        "hashed_secret": "aefda55b52eaf3cbcea931d807ea151e5012593f",
        "is_verified": false,
        "line_number": 61
      },
      {
        "type": "Hex High Entropy String",
        "filename": "ai_vectorizer\\core\\sam_engine.py",
        "hashed_secret": "f92eefb0c192ac4cc85820bc9cd0fd5a71dad288",
        "is_verified": false,
        "line_number": 75
      },
      {
        "type": "Hex High Entropy String",
        "filename": "ai_vectorizer\\core\\sam_engine.py",
        "hashed_secret": "45c80349162ff18924414d55f7f39682bc761450",
        "is_verified": false,
        "line_number": 82
      },
      {
        "type": "Hex High Entropy String",
        "filename": "ai_vectorizer\\core\\sam_engine.py",
        "hashed_secret": "404f5a6c6a4983f41c14a39f1ac258a4ad9e2da9",
        "is_verified": false,
        "line_number": 89
      }
    ],
    "benchmarks\\data\\efficientsam-runtime-template\\manifest.json": [
      {
        "type": "Hex High Entropy String",
        "filename": "benchmarks\\data\\efficientsam-runtime-template\\manifest.json",
        "hashed_secret": "b2e05bd581bcab37d5a070e5b4b6caee9c805f94",
        "is_verified": false,
        "line_number": 26
      },
      {
        "type": "Hex High Entropy String",
        "filename": "benchmarks\\data\\efficientsam-runtime-template\\manifest.json",
        "hashed_secret": "d5248bfcf02c0ac2392ffbc504d2b5ff2fbf67b9",
        "is_verified": false,
        "line_number": 43
      },
      {
        "type": "Hex High Entropy String",
        "filename": "benchmarks\\data\\efficientsam-runtime-template\\manifest.json",
        "hashed_secret": "a11ac5c993156fb304a7356ea36de73ae93deed9",
        "is_verified": false,
        "line_number": 45
      }
    ],
    "benchmarks\\data\\runtime-template\\manifest.json": [
      {
        "type": "Hex High Entropy String",
        "filename": "benchmarks\\data\\runtime-template\\manifest.json",
        "hashed_secret": "353ac76281a9dfd8434b41d2c9408a6b05523966",
        "is_verified": false,
        "line_number": 54
      },
      {
        "type": "Hex High Entropy String",
        "filename": "benchmarks\\data\\runtime-template\\manifest.json",
        "hashed_secret": "6b0eb9d29ce70714db9fbc5b5d9f1c0eb0caab84",
        "is_verified": false,
        "line_number": 56
      }
    ],
    "benchmarks\\data\\synthetic-smoke\\manifest.json": [
      {
        "type": "Hex High Entropy String",
        "filename": "benchmarks\\data\\synthetic-smoke\\manifest.json",
        "hashed_secret": "353ac76281a9dfd8434b41d2c9408a6b05523966",
        "is_verified": false,
        "line_number": 53
      },
      {
        "type": "Hex High Entropy String",
        "filename": "benchmarks\\data\\synthetic-smoke\\manifest.json",
        "hashed_secret": "6b0eb9d29ce70714db9fbc5b5d9f1c0eb0caab84",
        "is_verified": false,
        "line_number": 55
      },
      {
        "type": "Hex High Entropy String",
        "filename": "benchmarks\\data\\synthetic-smoke\\manifest.json",
        "hashed_secret": "b60f069c66eda9199f9e138f50ec144e8a8e5ec7",
        "is_verified": false,
        "line_number": 75
      },
      {
        "type": "Hex High Entropy String",
        "filename": "benchmarks\\data\\synthetic-smoke\\manifest.json",
        "hashed_secret": "76546492d555be9a152c5bcdeac8d29b3112431e",
        "is_verified": false,
        "line_number": 111
      },
      {
        "type": "Hex High Entropy String",
        "filename": "benchmarks\\data\\synthetic-smoke\\manifest.json",
        "hashed_secret": "0e05ad6b8247a9033f59276f713f29a72c60bb29",
        "is_verified": false,
        "line_number": 147
      }
    ],
    "tests\\test_benchmark_evidence.py": [
      {
        "type": "Hex High Entropy String",
        "filename": "tests\\test_benchmark_evidence.py",
        "hashed_secret": "90789750be1fd108e68233348471937f719cb136",
        "is_verified": false,
        "line_number": 27
      },
      {
        "type": "Hex High Entropy String",
        "filename": "tests\\test_benchmark_evidence.py",
        "hashed_secret": "de58671851ccc26bbc5fb7d10feaf09230556a10",
        "is_verified": false,
        "line_number": 32
      }
    ],
    "tests\\test_edge_detector_hed_security.py": [
      {
        "type": "Hex High Entropy String",
        "filename": "tests\\test_edge_detector_hed_security.py",
        "hashed_secret": "41470de492698a05f4191feaec14a756ce23d032",
        "is_verified": false,
        "line_number": 99
      },
      {
        "type": "Hex High Entropy String",
        "filename": "tests\\test_edge_detector_hed_security.py",
        "hashed_secret": "7c168c0c13a415a98d16e6cfa8a8533ad9737396",
        "is_verified": false,
        "line_number": 104
      },
      {
        "type": "Hex High Entropy String",
        "filename": "tests\\test_edge_detector_hed_security.py",
        "hashed_secret": "effcd5fccbdaff56b7905121b9ec9af8e9ffb915",
        "is_verified": false,
        "line_number": 109
      }
    ],
    "tests\\test_model_store.py": [
      {
        "type": "Hex High Entropy String",
        "filename": "tests\\test_model_store.py",
        "hashed_secret": "3c193eab6355dd8912d98f67956281cff3c74e35",
        "is_verified": false,
        "line_number": 137
      },
      {
        "type": "Hex High Entropy String",
        "filename": "tests\\test_model_store.py",
        "hashed_secret": "7e8e6aade476078c62cab949ae99182ca2a39c83",
        "is_verified": false,
        "line_number": 154
      },
      {
        "type": "Hex High Entropy String",
        "filename": "tests\\test_model_store.py",
        "hashed_secret": "8d499c86a6cc6649cb2a2f75732ecff5c356339d",
        "is_verified": false,
        "line_number": 155
      },
      {
        "type": "Hex High Entropy String",
        "filename": "tests\\test_model_store.py",
        "hashed_secret": "b2e05bd581bcab37d5a070e5b4b6caee9c805f94",
        "is_verified": false,
        "line_number": 166
      }
    ],
    "tests\\test_sam_engine.py": [
      {
        "type": "Hex High Entropy String",
        "filename": "tests\\test_sam_engine.py",
        "hashed_secret": "b22e4eb8d4df0a408963d9fa1ccb8c1f79cc94bb",
        "is_verified": false,
        "line_number": 214
      }
    ]
  },
  "generated_at": "2026-08-26T02:47:33Z"
}
